[       4ms] [LOG] 添加神策脚本 https://1chejian.casstime.cn/saas-api/vehicle/recognize/common?common_key=GET_STRATAGEM_JS @ https://1chejian.casstime.cn/index.html:0
[     798ms] [INFO] 
   ██████╗  █████╗  ███████╗ ███████╗ ████████╗ ██╗ ███╗   ███╗ ███████╗
  ██╔════╝ ██╔══██╗ ██╔════╝ ██╔════╝ ╚══██╔══╝ ██║ ████╗ ████║ ██╔════╝
  ██║      ███████║ ███████╗ ███████╗    ██║    ██║ ██╔████╔██║ █████╗
  ██║      ██╔══██║ ╚════██║ ╚════██║    ██║    ██║ ██║╚██╔╝██║ ██╔══╝
  ╚██████╗ ██║  ██║ ███████║ ███████║    ██║    ██║ ██║ ╚═╝ ██║ ███████╗
   ╚═════╝ ╚═╝  ╚═╝ ╚══════╝ ╚══════╝    ╚═╝    ╚═╝ ╚═╝     ╚═╝ ╚══════╝
   prod ----env @ https://1chejian.casstime.cn/static/js/238.3403c862.chunk.js:1
[    1077ms] [ERROR] Failed to load resource: net::ERR_FAILED @ chrome-extension://invalid/:0
[    1084ms] [VERBOSE] [DOM] Input elements should have autocomplete attributes (suggested: "current-password"): (More info: https://www.chromium.org/developers/design-documents/create-amazing-password-forms) %o @ https://1chejian.casstime.cn/index.html#/login:0
[    1206ms] [WARNING] Mixed Content: The page at 'https://1chejian.casstime.cn/index.html#/login' was loaded over HTTPS, but requested an insecure element 'http://res.ewewo.com/Internalsystem/logo/202108/20210806/2021080616325224909.png'. This request was automatically upgraded to HTTPS, For more information see https://blog.chromium.org/2019/10/no-more-mixed-messages-about-https.html @ https://1chejian.casstime.cn/index.html#/login:0
[   25401ms] [LOG] 添加神策脚本 https://1chejian.casstime.cn/saas-api/vehicle/recognize/common?common_key=GET_STRATAGEM_JS @ https://1chejian.casstime.cn/index.html:0
[   25476ms] [INFO] 
   ██████╗  █████╗  ███████╗ ███████╗ ████████╗ ██╗ ███╗   ███╗ ███████╗
  ██╔════╝ ██╔══██╗ ██╔════╝ ██╔════╝ ╚══██╔══╝ ██║ ████╗ ████║ ██╔════╝
  ██║      ███████║ ███████╗ ███████╗    ██║    ██║ ██╔████╔██║ █████╗
  ██║      ██╔══██║ ╚════██║ ╚════██║    ██║    ██║ ██║╚██╔╝██║ ██╔══╝
  ╚██████╗ ██║  ██║ ███████║ ███████║    ██║    ██║ ██║ ╚═╝ ██║ ███████╗
   ╚═════╝ ╚═╝  ╚═╝ ╚══════╝ ╚══════╝    ╚═╝    ╚═╝ ╚═╝     ╚═╝ ╚══════╝
   prod ----env @ https://1chejian.casstime.cn/static/js/238.3403c862.chunk.js:1
[   25867ms] [LOG] 🎉🎉🎉～ @ https://1chejian.casstime.cn/static/js/238.3403c862.chunk.js:1
[   26701ms] [WARNING] Mixed Content: The page at 'https://1chejian.casstime.cn/index.html#/main/index' was loaded over HTTPS, but requested an insecure element 'http://res.ewewo.com/Internalsystem/logo/202108/20210806/2021080616311548190.png'. This request was automatically upgraded to HTTPS, For more information see https://blog.chromium.org/2019/10/no-more-mixed-messages-about-https.html @ https://1chejian.casstime.cn/index.html#/main/index:0
[   88290ms] [LOG] 🚀 ~ CreateOutsourcingOrder ~ value: {id: 313161, master_flag: null, store_ids: Array(1), store_id: 25738, open_balance: null} @ https://1chejian.casstime.cn/static/js/238.3403c862.chunk.js:1
[   94098ms] [LOG] 🚀 ~ CreateOutsourcingOrder ~ value: 2 @ https://1chejian.casstime.cn/static/js/238.3403c862.chunk.js:1
[   94341ms] [LOG] 🚀 ~ CreateOutsourcingOrder ~ value: 20 @ https://1chejian.casstime.cn/static/js/238.3403c862.chunk.js:1
[   94493ms] [LOG] 🚀 ~ CreateOutsourcingOrder ~ value: 200 @ https://1chejian.casstime.cn/static/js/238.3403c862.chunk.js:1
[   96825ms] [LOG] 🚀 ~ CreateOutsourcingOrder ~ value: 200 @ https://1chejian.casstime.cn/static/js/238.3403c862.chunk.js:1
[20720886ms] [ERROR] 接口服务异常 : /saas-api/settings/message/web-socket-url @ https://1chejian.casstime.cn/static/js/238.3403c862.chunk.js:1
[20720886ms] [ERROR] Failed to load resource: net::ERR_NAME_NOT_RESOLVED @ https://1chejian.casstime.cn/Center2Service/saas-api/settings/message/web-socket-url:0
